[18:22:53] === 1XFaucet Bot Started (Vision) ===
[18:22:59] Already logged in!
[18:22:59] 
=== Round 1 ===
[18:22:59] Accounts: 1 total, 0 active, 1 cooldown
[18:22:59] No accounts ready. Waiting 2 min...
[18:24:59] 
=== Round 2 ===
[18:24:59] Accounts: 1 total, 0 active, 0 cooldown
[18:24:59] No accounts ready. Waiting 4 min...
[17:48:27] 
=== Round 3 ===
[17:48:27] Accounts: 1 total, 1 active, 0 cooldown
[17:48:27] Claiming for: francisdominic261@gmail.com
[17:48:27] Checking faucet...
[17:48:27] ERROR: page.evaluate: Target page, context or browser has been closed
[17:48:32] 
=== Round 4 ===
[17:48:32] Accounts: 1 total, 0 active, 0 cooldown
[17:48:32] No accounts ready. Waiting 5 min...
[17:53:27] 
=== Round 5 ===
[17:53:27] Accounts: 1 total, 0 active, 0 cooldown
[17:53:27] Claiming for: francisdominic261@gmail.com
[17:53:27] Checking faucet...
[17:53:27] ERROR: page.evaluate: Target page, context or browser has been closed
[17:53:32] 
=== Round 6 ===
[17:53:32] Accounts: 1 total, 0 active, 0 cooldown
[17:53:32] No accounts ready. Waiting 5 min...
[17:58:27] 
=== Round 7 ===
[17:58:27] Accounts: 1 total, 0 active, 0 cooldown
[17:58:27] Claiming for: francisdominic261@gmail.com
[17:58:27] Checking faucet...
[17:58:27] ERROR: page.evaluate: Target page, context or browser has been closed
[17:58:32] 
=== Round 8 ===
[17:58:32] Accounts: 1 total, 0 active, 0 cooldown
[17:58:32] No accounts ready. Waiting 5 min...
