[17:56:32] === ClaimFreeCoins Multi-Account Bot Started ===
[17:56:32] 
=== Round 1 ===
[17:56:32] Accounts: 3 total, 2 active, 0 cooldown, 1 errors
[17:56:32] --- Claiming for: francisdominic261@gmail.com ---
[17:56:32] navigating to page...
[17:56:34] waiting for Cloudflare...
[17:56:34] page loaded: Claim Free USDT - Free Tether Faucet
[17:56:38] anchor frame: found
[17:56:38] checkbox rect: {"x":12.95522403717041,"y":22.477611541748047,"w":28,"h":28}
[17:56:39] clicked checkbox at 507,166
[17:56:41] checkbox result: challenge
[17:56:41] switching to audio challenge...
[17:56:44] audio URL: https://www.google.com/recaptcha/api2/payload?p=06AFcWeA7dUbNTYME6QCQURBkNMKmYzU
LOG (VoskAPI:ReadDataFiles():model.cc:213) Decoding params beam=10 max-active=3000 lattice-beam=2
LOG (VoskAPI:ReadDataFiles():model.cc:216) Silence phones 1:2:3:4:5:6:7:8:9:10
LOG (VoskAPI:RemoveOrphanNodes():nnet-nnet.cc:948) Removed 0 orphan nodes.
LOG (VoskAPI:RemoveOrphanComponents():nnet-nnet.cc:847) Removing 0 orphan components.
LOG (VoskAPI:ReadDataFiles():model.cc:248) Loading i-vector extractor from /home/francis/adbch/shared/vosk-model/model/ivector/final.ie
LOG (VoskAPI:ComputeDerivedVars():ivector-extractor.cc:183) Computing derived variables for iVector extractor
LOG (VoskAPI:ComputeDerivedVars():ivector-extractor.cc:204) Done.
LOG (VoskAPI:ReadDataFiles():model.cc:282) Loading HCL and G from /home/francis/adbch/shared/vosk-model/model/graph/HCLr.fst /home/francis/adbch/shared/vosk-model/model/graph/Gr.fst
LOG (VoskAPI:ReadDataFiles():model.cc:308) Loading winfo /home/francis/adbch/shared/vosk-model/model/graph/phones/word_boundary.int
[17:57:00] transcription: {"text":"the same courtyard it"}
[17:57:03] token length: 2404
[17:57:12] --- page tail ---
[17:57:12]   Claim Free Coins
[17:57:12]   Our Faucets
[17:57:12]   Faucets
[17:57:12]   PTC Sites
[17:57:12]   Mining
[17:57:12]   Casinos
[17:57:12]   Claim Free USDT
[17:57:12]   The faucet does not have sufficient funds for this transaction.
[17:57:12]   20% Referral Commission
[17:57:12]   Share this link with your friends to earn 20% commission.
[17:57:12]   Copyright© 2026 Claim Free USDT
[17:57:12]   Powered by Claim Free Coins
[17:57:12] Result for francisdominic261@gmail.com: UNKNOWN
[17:57:12] ✗ francisdominic261@gmail.com failed (UNKNOWN). Retrying in 5 min.
