[16:45:16] === OnlyFaucet Bot Started ===
[16:45:21] 
--- Processing: francisdominic261@gmail.com ---
[16:45:44] Already logged in
[16:45:57] Checking faucet status...
[16:45:58] Verification required — solving puzzle...
[16:45:58] Solving puzzle...
[16:46:01] Clicked verification (trusted event)
[16:46:05] Waiting for canvas... (1/12)
[16:46:08] Waiting for canvas... (2/12)
[16:46:11] Waiting for canvas... (3/12)
[16:46:14] Waiting for canvas... (4/12)
[16:46:17] Waiting for canvas... (5/12)
[16:46:21] Waiting for canvas... (6/12)
[16:46:24] Waiting for canvas... (7/12)
[16:46:27] Waiting for canvas... (8/12)
[16:46:30] Waiting for canvas... (9/12)
[16:46:33] Waiting for canvas... (10/12)
[16:46:36] Waiting for canvas... (11/12)
[16:46:40] Waiting for canvas... (12/12)
[16:46:40] Canvas did not load — puzzle provider may be blocked
[16:46:47] 
All accounts processed. Waiting 5 minutes...
