node:internal/modules/run_main:107
    triggerUncaughtException(
    ^

browserType.launchPersistentContext: Opening in existing browser session. This usually means that the profile is already in use by another instance of Chromium.
Call log:
[2m  - <launching> /opt/google/chrome/chrome --disable-field-trial-config --disable-background-networking --disable-background-timer-throttling --disable-backgrounding-occluded-windows --disable-back-forward-cache --disable-breakpad --disable-client-side-phishing-detection --disable-component-extensions-with-background-pages --disable-component-update --no-default-browser-check --disable-default-apps --disable-dev-shm-usage --disable-edgeupdater --disable-extensions --disable-features=AvoidUnnecessaryBeforeUnloadCheckSync,BoundaryEventDispatchTracksNodeRemoval,DestroyProfileOnBrowserClose,DialMediaRouteProvider,GlobalMediaControls,HttpsUpgrades,LensOverlay,MediaRouter,PaintHolding,ThirdPartyStoragePartitioning,BlockOriginHeaderModificationOnRedirect,Translate,AutoDeElevate,OptimizationHints,msForceBrowserSignIn,msEdgeUpdateLaunchServicesPreferredVersion --enable-features=CDPScreenshotNewSurface --allow-pre-commit-input --disable-hang-monitor --disable-ipc-flooding-protection --disable-popup-blocking --disable-prompt-on-repost --disable-renderer-backgrounding --disable-updater-scheduler --force-color-profile=srgb --metrics-recording-only --no-first-run --password-store=basic --use-mock-keychain --no-service-autorun --export-tagged-pdf --disable-search-engine-choice-screen --unsafely-disable-devtools-self-xss-warnings --edge-skip-compat-layer-relaunch --disable-infobars --disable-search-engine-choice-screen --disable-sync --enable-unsafe-swiftshader --no-sandbox --no-sandbox --disable-blink-features=AutomationControlled --host-resolver-rules=MAP brunhild.challenges.cloudflare.com 104.18.94.41, MAP challenges.cloudflare.com 104.18.94.41 --user-data-dir=/home/francis/.config/google-chrome --remote-debugging-pipe about:blank[22m
[2m  - <launched> pid=9130[22m
[2m  - [pid=9130][err] [0816/122134.492107:WARNING:chrome/app/chrome_main_linux.cc:84] Read channel stable from /opt/google/chrome/CHROME_VERSION_EXTRA[22m
[2m  - [pid=9130][out] Opening in existing browser session.[22m
[2m  - [pid=9130] <gracefully close start>[22m
[2m  - [pid=9130] <kill>[22m
[2m  - [pid=9130] <will force kill>[22m
[2m  - [pid=9130] <process did exit: exitCode=0, signal=null>[22m
[2m  - [pid=9130] starting temporary directories cleanup[22m
[2m  - [pid=9130] finished temporary directories cleanup[22m
[2m  - [pid=9130] <gracefully close end>[22m

    at async file:///home/francis/adbch/diag_where.mjs:6:17 {
  log: [
    '  - <launching> /opt/google/chrome/chrome --disable-field-trial-config --disable-background-networking --disable-background-timer-throttling --disable-backgrounding-occluded-windows --disable-back-forward-cache --disable-breakpad --disable-client-side-phishing-detection --disable-component-extensions-with-background-pages --disable-component-update --no-default-browser-check --disable-default-apps --disable-dev-shm-usage --disable-edgeupdater --disable-extensions --disable-features=AvoidUnnecessaryBeforeUnloadCheckSync,BoundaryEventDispatchTracksNodeRemoval,DestroyProfileOnBrowserClose,DialMediaRouteProvider,GlobalMediaControls,HttpsUpgrades,LensOverlay,MediaRouter,PaintHolding,ThirdPartyStoragePartitioning,BlockOriginHeaderModificationOnRedirect,Translate,AutoDeElevate,OptimizationHints,msForceBrowserSignIn,msEdgeUpdateLaunchServicesPreferredVersion --enable-features=CDPScreenshotNewSurface --allow-pre-commit-input --disable-hang-monitor --disable-ipc-flooding-protection --disable-popup-blocking --disable-prompt-on-repost --disable-renderer-backgrounding --disable-updater-scheduler --force-color-profile=srgb --metrics-recording-only --no-first-run --password-store=basic --use-mock-keychain --no-service-autorun --export-tagged-pdf --disable-search-engine-choice-screen --unsafely-disable-devtools-self-xss-warnings --edge-skip-compat-layer-relaunch --disable-infobars --disable-search-engine-choice-screen --disable-sync --enable-unsafe-swiftshader --no-sandbox --no-sandbox --disable-blink-features=AutomationControlled --host-resolver-rules=MAP brunhild.challenges.cloudflare.com 104.18.94.41, MAP challenges.cloudflare.com 104.18.94.41 --user-data-dir=/home/francis/.config/google-chrome --remote-debugging-pipe about:blank',
    '  - <launched> pid=9130',
    '  - [pid=9130][err] [0816/122134.492107:WARNING:chrome/app/chrome_main_linux.cc:84] Read channel stable from /opt/google/chrome/CHROME_VERSION_EXTRA',
    '  - [pid=9130][out] Opening in existing browser session.',
    '  - [pid=9130] <gracefully close start>',
    '  - [pid=9130] <kill>',
    '  - [pid=9130] <will force kill>',
    '  - [pid=9130] <process did exit: exitCode=0, signal=null>',
    '  - [pid=9130] starting temporary directories cleanup',
    '  - [pid=9130] finished temporary directories cleanup',
    '  - [pid=9130] <gracefully close end>'
  ],
  name: 'Error'
}

Node.js v24.14.1
