URL: https://adbtc.top/index
Your id: 4007505
Rating: 0.002 info

Balance
14 satoshis account_balance_wallet
0.01328 USDT account_balance_wallet  


Advertising balance
0 satoshis add_box
0 USDT add_box


1 BTC = 62928 USD
Withdraw
account_balance_wallet
Referral system
contacts
Options
settings
Security
https
Earn
Surf ads
computer
Surf ads USDT
computer
Video ads
ondemand_video
Autosurfing
repeat
Advertise
Surf ads
list
Surf ads USDT
list
Video ads
ondemand_video
Autosurfing
repeat
Context ads
subtitles
Referral market
person_pin
Help
help_outline
Top surfers
star
Account info
insert_chart
Logout
settings_power
↗ adBTC
adBTC
Your id: 4007505 ▼
Rating: 0.002

Balance
14 satoshis account_balance_wallet
0.01328 USDT account_balance_wallet

Advertising balance
0 satoshis add_box
0 USDT  add_box

1 BTC = 62928 USD
Withdraw
account_balance_wallet
Referral system
contacts
Earn
expand_more
Advertise
expand_more
Referral market
person_pin
Help
help_outline
Chat
forum

 

Earn money for viewing ads

Earn satoshis or ₽ by surfing/autosurfing/shortlinks. It is easy!



START EARNING

 

Promote your webpage

Unique visitors to your webpage just from 5000 Satoshis per 1000 unique views.



ADD LINK
↗ adBTC
Terms of use
T
