anchor frame: https://www.google.com/recaptcha/api2/anchor?ar=1&k=6LfwaSgTAAAAAJJNz6oAdimVHmIe
{
 "boxExists": true,
 "boxCls": "recaptcha-checkbox goog-inline-block recaptcha-checkbox-unchecked rc-anchor-checkbox",
 "boxRect": {
  "x": 12.95522403717041,
  "y": 22.477611541748047,
  "w": 28,
  "h": 28
 },
 "bodyText": "I'm not a robot\nThis site is exceeding reCAPTCHA Enterprise free quota.\nreCAPTCHA",
 "firstEls": [
  {
   "tag": "DIV",
   "id": "rc-anchor-alert",
   "cls": "rc-anchor-alert"
  },
  {
   "tag": "INPUT",
   "id": "recaptcha-token",
   "cls": "",
   "type": "hidden"
  },
  {
   "tag": "DIV",
   "id": "rc-anchor-container",
   "cls": "rc-anchor rc-anchor-normal rc-anchor-light"
  },
  {
   "tag": "DIV",
   "id": "recaptcha-accessible-status",
   "cls": "rc-anchor-aria-status"
  },
  {
   "tag": "DIV",
   "id": "",
   "cls": "rc-anchor-error-msg-container"
  },
  {
   "tag": "DIV",
   "id": "",
   "cls": "rc-anchor-content"
  },
  {
   "tag": "DIV",
   "id": "",
   "cls": "rc-inline-block"
  },
  {
   "tag": "DIV",
   "id": "",
   "cls": "rc-anchor-center-container"
  },
  {
   "tag": "DIV",
   "id": "",
   "cls": "rc-anchor-center-item rc-anchor-checkbox-holder"
  },
  {
   "tag": "DIV",
   "id": "",
   "cls": "recaptcha-checkbox-border"
  },
  {
   "tag": "DIV",
   "id": "",
   "cls": "recaptcha-checkbox-borderAnimation"
  },
  {
   "tag": "DIV",
   "id": "",
   "cls": "recaptcha-checkbox-spinner"
  },
  {
   "tag": "DIV",
   "id": "",
   "cls": "recaptcha-checkbox-spinner-overlay"
  },
  {
   "tag": "DIV",
   "id": "",
   "cls": "recaptcha-checkbox-checkmark"
  },
  {
   "tag": "DIV",
   "id": "",
   "cls": "rc-inline-block"
  },
  {
   "tag": "DIV",
   "id": "",
   "cls": "rc-anchor-center-container"
  },
  {
   "tag": "LABEL",
   "id": "recaptcha-anchor-label",
   "cls": "rc-anchor-center-item rc-anchor-checkbox-label"
  },
  {
   "tag": "DIV",
   "id": "rc-anchor-over-quota",
   "cls": ""
  },
  {
   "tag": "DIV",
   "id": "",
   "cls": ""
  },
  {
   "tag": "DIV",
   "id": "",
   "cls": "rc-anchor-normal-footer"
  }
 ]
}
