logged in
rendering turnstile...
not auto-solved, clicking checkbox...
found turnstile frame
frame click error: locator.click: Timeout 5000ms exceeded.
Call log:
[2m  - waiting for locator('body')[22m

widget box: {
  x: 304.9552307128906,
  y: 415.86566162109375,
  w: 916.5372924804688,
  h: 72.76119232177734
}
clicked widget area
waiting for token...
waiting... 0
waiting... 5
waiting... 10
waiting... 15
waiting... 20
TOKEN! length: 752
clicking Claim now...
node:internal/modules/run_main:107
    triggerUncaughtException(
    ^

locator.click: Timeout 5000ms exceeded.
Call log:
[2m  - waiting for locator('button:has-text("Claim now")')[22m
[2m    - locator resolved to <button disabled tabindex="0" class="btn-primary text-base px-8 py-3">Claim now</button>[22m
[2m  - attempting click action[22m
[2m    2 × waiting for element to be visible, enabled and stable[22m
[2m      - element is not enabled[22m
[2m    - retrying click action[22m
[2m    - waiting 20ms[22m
[2m    2 × waiting for element to be visible, enabled and stable[22m
[2m      - element is not enabled[22m
[2m    - retrying click action[22m
[2m      - waiting 100ms[22m
[2m    - waiting for element to be visible, enabled and stable[22m
[2m    - element is not stable[22m
[2m  6 × retrying click action[22m
[2m      - waiting 500ms[22m
[2m      - waiting for element to be visible, enabled and stable[22m
[2m      - element is not enabled[22m
[2m  - retrying click action[22m
[2m    - waiting 500ms[22m
[2m    - waiting for element to be visible, enabled and stable[22m

    at /home/francis/adbch/moonptc_v8.mjs:98:56 {
  log: [
    `  - waiting for locator('button:has-text("Claim now")')`,
    '    - locator resolved to <button disabled tabindex="0" class="btn-primary text-base px-8 py-3">Claim now</button>',
    '  - attempting click action',
    '    2 × waiting for element to be visible, enabled and stable',
    '      - element is not enabled',
    '    - retrying click action',
    '    - waiting 20ms',
    '    2 × waiting for element to be visible, enabled and stable',
    '      - element is not enabled',
    '    - retrying click action',
    '      - waiting 100ms',
    '    - waiting for element to be visible, enabled and stable',
    '    - element is not stable',
    '  6 × retrying click action',
    '      - waiting 500ms',
    '      - waiting for element to be visible, enabled and stable',
    '      - element is not enabled',
    '  - retrying click action',
    '    - waiting 500ms',
    '    - waiting for element to be visible, enabled and stable'
  ],
  name: 'TimeoutError'
}

Node.js v24.14.1
