1. Opening home page...
2. Looking for "Log in" button...
3. Waiting for Cloudflare challenge to clear & login form to appear...
  iter 1/120 (5s): no checkbox yet, waiting...
  iter 3/120 (15s): no checkbox yet, waiting...
  iter 5/120 (25s): no checkbox yet, waiting...
  iter 7/120 (35s): no checkbox yet, waiting...
  iter 9/120 (45s): no checkbox yet, waiting...
  iter 11/120 (55s): no checkbox yet, waiting...
  iter 13/120 (65s): no checkbox yet, waiting...
  iter 15/120 (75s): no checkbox yet, waiting...
  iter 17/120 (85s): no checkbox yet, waiting...
  iter 19/120 (95s): no checkbox yet, waiting...
  iter 21/120 (105s): no checkbox yet, waiting...
  iter 23/120 (115s): no checkbox yet, waiting...
  iter 25/120 (125s): no checkbox yet, waiting...
  iter 27/120 (135s): no checkbox yet, waiting...
  iter 29/120 (145s): no checkbox yet, waiting...
  iter 31/120 (155s): no checkbox yet, waiting...
  iter 33/120 (165s): no checkbox yet, waiting...
  iter 35/120 (175s): no checkbox yet, waiting...
  iter 37/120 (185s): no checkbox yet, waiting...
  iter 39/120 (195s): no checkbox yet, waiting...
  iter 41/120 (205s): no checkbox yet, waiting...
  iter 43/120 (215s): no checkbox yet, waiting...
  iter 45/120 (225s): no checkbox yet, waiting...
  iter 47/120 (235s): no checkbox yet, waiting...
  iter 49/120 (245s): no checkbox yet, waiting...
  iter 51/120 (255s): no checkbox yet, waiting...
  iter 53/120 (265s): no checkbox yet, waiting...
  iter 55/120 (275s): no checkbox yet, waiting...
  iter 57/120 (285s): no checkbox yet, waiting...
  iter 59/120 (295s): no checkbox yet, waiting...
  iter 61/120 (305s): no checkbox yet, waiting...
  iter 63/120 (315s): no checkbox yet, waiting...
  iter 65/120 (325s): no checkbox yet, waiting...
  iter 67/120 (335s): no checkbox yet, waiting...
  iter 69/120 (345s): no checkbox yet, waiting...
  iter 71/120 (355s): no checkbox yet, waiting...
  iter 73/120 (365s): no checkbox yet, waiting...
  iter 75/120 (375s): no checkbox yet, waiting...
  iter 77/120 (385s): no checkbox yet, waiting...
  iter 79/120 (395s): no checkbox yet, waiting...
  iter 81/120 (405s): no checkbox yet, waiting...
  iter 83/120 (415s): no checkbox yet, waiting...
  iter 85/120 (425s): no checkbox yet, waiting...
  iter 87/120 (435s): no checkbox yet, waiting...
  iter 89/120 (445s): no checkbox yet, waiting...
  iter 91/120 (455s): no checkbox yet, waiting...
  iter 93/120 (465s): no checkbox yet, waiting...
  iter 95/120 (475s): no checkbox yet, waiting...
  iter 97/120 (485s): no checkbox yet, waiting...
  iter 99/120 (495s): no checkbox yet, waiting...
  iter 101/120 (505s): no checkbox yet, waiting...
  iter 103/120 (515s): no checkbox yet, waiting...
  iter 105/120 (525s): no checkbox yet, waiting...
  iter 107/120 (535s): no checkbox yet, waiting...
  iter 109/120 (545s): no checkbox yet, waiting...
  iter 111/120 (555s): no checkbox yet, waiting...
  iter 113/120 (565s): no checkbox yet, waiting...
  iter 115/120 (575s): no checkbox yet, waiting...
  iter 117/120 (585s): no checkbox yet, waiting...
  iter 119/120 (595s): no checkbox yet, waiting...
4. Login form fields found: [{"tag":"INPUT","type":"hidden","name":"cf-turnstile-response","id":"cf-chl-widget-8rc69_response","cls":"","value":""}]
ERROR: Login form fields (input#addr / input#secret) not present
