1. Opening home page...
  home page: challenge cleared after ~0s
2. Looking for "Log in" button...
3. Waiting for Cloudflare challenge to clear...
  iter 1/120: still challenging, no checkbox yet...
  iter 5/120: still challenging, no checkbox yet...
  iter 9/120: still challenging, no checkbox yet...
  iter 13/120: still challenging, no checkbox yet...
  login page: challenge cleared after ~65s
  iter 1/120 (5s): no checkbox yet, waiting...
  iter 3/120 (15s): no checkbox yet, waiting...
  iter 5/120 (25s): no checkbox yet, waiting...
  iter 7/120 (35s): no checkbox yet, waiting...
  iter 9/120 (45s): no checkbox yet, waiting...
  iter 11/120 (55s): no checkbox yet, waiting...
  iter 13/120 (65s): no checkbox yet, waiting...
  iter 15/120 (75s): no checkbox yet, waiting...
  iter 17/120 (85s): no checkbox yet, waiting...
  iter 19/120 (95s): no checkbox yet, waiting...
  iter 21/120 (105s): no checkbox yet, waiting...
  iter 23/120 (115s): no checkbox yet, waiting...
  iter 25/120 (125s): no checkbox yet, waiting...
  iter 27/120 (135s): no checkbox yet, waiting...
  iter 29/120 (145s): no checkbox yet, waiting...
  iter 31/120 (155s): no checkbox yet, waiting...
  iter 33/120 (165s): no checkbox yet, waiting...
  iter 35/120 (175s): no checkbox yet, waiting...
  iter 37/120 (185s): no checkbox yet, waiting...
  iter 39/120 (195s): no checkbox yet, waiting...
ERROR: page.waitForTimeout: Target page, context or browser has been closed
