1. Opening home page...
  home page: challenge cleared after ~0s
2. Looking for "Log in" button...
3. Waiting for Cloudflare challenge to clear...
  iter 1/120: still challenging, no checkbox yet...
  iter 5/120: still challenging, no checkbox yet...
  iter 9/120: still challenging, no checkbox yet...
  iter 13/120: still challenging, no checkbox yet...
  iter 17/120: still challenging, no checkbox yet...
  iter 21/120: still challenging, no checkbox yet...
  iter 25/120: still challenging, no checkbox yet...
  iter 29/120: still challenging, no checkbox yet...
  iter 33/120: still challenging, no checkbox yet...
  iter 37/120: still challenging, no checkbox yet...
  iter 41/120: still challenging, no checkbox yet...
  iter 45/120: still challenging, no checkbox yet...
  iter 49/120: still challenging, no checkbox yet...
  iter 53/120: still challenging, no checkbox yet...
  iter 57/120: still challenging, no checkbox yet...
  iter 61/120: still challenging, no checkbox yet...
ERROR: page.waitForTimeout: Target page, context or browser has been closed
